// Jest Snapshot v1, https://goo.gl/fbAQLP

exports[`Header Page should be rendered properly 1`] = `
<div>
  <h1>
     Expensify App
  </h1>
  <NavLink
    activeClassName="is-active"
    aria-current="page"
    exact={true}
    to="/"
  >
     Dashboard 
  </NavLink>
  <NavLink
    activeClassName="is-active"
    aria-current="page"
    to="/create"
  >
     Create 
  </NavLink>
  <NavLink
    activeClassName="is-active"
    aria-current="page"
    to="/help"
  >
     Help 
  </NavLink>
</div>
`;
